{
  "TestKey": {
    "jkl": "101112",
    "abc": "123",
    "def": "456",
    "ghi": "789"
  }
}